// Jest Snapshot v1, https://goo.gl/fbAQLP

exports[`DiscountBanner component renders correctly 1`] = `
<div>
  <div
    class="discountBanner"
  >
    <div
      class="bannerImageWrapper"
    >
      <img
        alt="Discount Banner"
        class="bannerImage"
        data-nimg="fill"
        decoding="async"
        loading="lazy"
        sizes="100vw"
        src="/_next/image?url=%2Fimages%2Fdiscount-banner.jpg&w=3840&q=75"
        srcset="/_next/image?url=%2Fimages%2Fdiscount-banner.jpg&w=640&q=75 640w, /_next/image?url=%2Fimages%2Fdiscount-banner.jpg&w=750&q=75 750w, /_next/image?url=%2Fimages%2Fdiscount-banner.jpg&w=828&q=75 828w, /_next/image?url=%2Fimages%2Fdiscount-banner.jpg&w=1080&q=75 1080w, /_next/image?url=%2Fimages%2Fdiscount-banner.jpg&w=1200&q=75 1200w, /_next/image?url=%2Fimages%2Fdiscount-banner.jpg&w=1920&q=75 1920w, /_next/image?url=%2Fimages%2Fdiscount-banner.jpg&w=2048&q=75 2048w, /_next/image?url=%2Fimages%2Fdiscount-banner.jpg&w=3840&q=75 3840w"
        style="position: absolute; height: 100%; width: 100%; left: 0px; top: 0px; right: 0px; bottom: 0px; color: transparent;"
      />
    </div>
    <div
      class="bannerText"
    >
      <p
        class="text bannerTitle primary body_xxl left regular"
      >
        Discount Banner
      </p>
      <p
        class="text bannerSubtitle primary body_m left regular"
      >
        Get 20% off on all products
      </p>
      <a
        class="link bannerButton ghost normal"
        href="/discounts"
        tabindex="0"
      >
        <p
          class="text primary body_m left semibold"
        >
          Shop Now
        </p>
        <svg
          class="bannerButtonIcon"
          data-testid="test-icon"
          fill="none"
          viewBox="0 0 24 24"
          xmlns="http://www.w3.org/2000/svg"
        >
          <path
            clip-rule="evenodd"
            d="M14.2294 5.21853C13.9359 4.92627 13.461 4.92729 13.1687 5.22081C12.8765 5.51434 12.8775 5.98921 13.171 6.28147L17.935 11.025H4.75C4.33579 11.025 4 11.3608 4 11.775C4 12.1892 4.33579 12.525 4.75 12.525H17.9332L13.171 17.2676C12.8775 17.5599 12.8765 18.0347 13.1688 18.3282C13.4611 18.6217 13.9359 18.6227 14.2294 18.3304L20.258 12.3268C20.3859 12.2089 20.4728 12.0472 20.4946 11.8654C20.4983 11.8352 20.5002 11.8047 20.5002 11.774C20.5002 11.5745 20.4207 11.3833 20.2794 11.2425L14.2294 5.21853Z"
            fill="currentColor"
            fill-rule="evenodd"
          />
        </svg>
      </a>
    </div>
  </div>
</div>
`;
