// Jest Snapshot v1, https://goo.gl/fbAQLP

exports[`AmountCounter component renders correctly 1`] = `
<div>
  <div
    class="AmountCounter"
  >
    <button
      class="AmountCounterButton"
      data-testid="AmountCounter.minusButton"
    >
      <svg
        class="AmountCounterButtonIcon"
        fill="none"
        height="16"
        viewBox="0 0 16 16"
        width="16"
        xmlns="http://www.w3.org/2000/svg"
      >
        <path
          d="M3.33301 8H12.6663"
          stroke="white"
          stroke-linecap="round"
          stroke-linejoin="round"
          stroke-width="2"
        />
      </svg>
    </button>
    <div
      class="AmountCounterInputWrapper"
    >
      <input
        class="AmountCounterInput"
        data-testid="AmountCounter.input"
        min="1"
        readonly=""
        type="number"
        value="1"
      />
    </div>
    <button
      class="AmountCounterButton"
      data-testid="AmountCounter.plusButton"
    >
      <svg
        class="AmountCounterButtonIcon"
        fill="none"
        viewBox="0 0 14 14"
        xmlns="http://www.w3.org/2000/svg"
      >
        <path
          d="M2.33398 6.99998H11.6673M7.00065 2.33331V11.6666V2.33331Z"
          stroke="currentColor"
          stroke-linecap="round"
          stroke-linejoin="round"
          stroke-width="1.5"
        />
      </svg>
    </button>
  </div>
</div>
`;
